// Jest Snapshot v1, https://goo.gl/fbAQLP

exports[`Header component should render correctly 1`] = `
<header>
  <nav
    className="navbar d-flex justify-content-center"
  >
    <div
      className="container-fluid  d-flex justify-content-center"
    >
      <a
        className="navbar-brand"
        href="/"
      >
        game
        <span>
          Z
        </span>
        one
      </a>
    </div>
  </nav>
</header>
`;
